
D:\Projects\Test\ToolOpenFoamExample4>blockMesh.exe
/*---------------------------------------------------------------------------*\
| =========                 |                                                 |
| \\      /  F ield         | OpenFOAM: The Open Source CFD Toolbox           |
|  \\    /   O peration     | Version:  2.1                                   |
|   \\  /    A nd           | Web:      www.OpenFOAM.org                      |
|    \\/     M anipulation  |                                                 |
\*---------------------------------------------------------------------------*/
/*   Windows 32 and 64 bit porting by blueCAPE: http://www.bluecape.com.pt   *\
|  Based on Windows porting (2.0.x v4) by Symscape: http://www.symscape.com   |
\*---------------------------------------------------------------------------*/
Build  : 2.1-88b2f2ae3a0b
Exec   : blockMesh.exe
Date   : Nov 21 2013
Time   : 09:51:30
Host   : "AIRBEAR-W7-I5"
PID    : 5112
Case   : D:/Projects/Test/ToolOpenFoamExample4
nProcs : 1
SigFpe : Enabling floating point exception trapping (FOAM_SIGFPE).
fileModificationChecking : Monitoring run-time modified files using timeStampMaster
allowSystemOperations : Allowing user-supplied system call operations

// * * * * * * * * * * * * * * * * * * * * * * * * * * * * * * * * * * * * * //
Create time

Creating block mesh from
    "D:/Projects/Test/ToolOpenFoamExample4/constant/polyMesh/blockMeshDict"
Creating curved edges
Creating topology blocks
Creating topology patches

Reading patches section

Creating block mesh topology

Reading physicalType from existing boundary file

Default patch type set to empty
--> FOAM Warning : 
    From function polyMesh::polyMesh(... construct from shapes...)
    in file meshes/polyMesh/polyMeshFromShapeMesh.C at line 888
    Found 6 undefined faces in mesh; adding to default patch.

Check topology

	Basic statistics
		Number of internal faces : 0
		Number of boundary faces : 6
		Number of defined boundary faces : 6
		Number of undefined boundary faces : 0
	Checking patch -> block consistency

Creating block offsets
Creating merge list .

Creating polyMesh from blockMesh
Creating patches
Creating cells
Creating points with scale 1

Writing polyMesh
----------------
Mesh Information
----------------
  boundingBox: (0 0 0) (1 1 1)
  nPoints: 1331
  nCells: 1000
  nFaces: 3300
  nInternalFaces: 2700
----------------
Patches
----------------
  patch 0 (start: 2700 size: 600) name: defaultFaces

End


D:\Projects\Test\ToolOpenFoamExample4>copy 0\p.org 0\p 
        1 file(s) copied.

D:\Projects\Test\ToolOpenFoamExample4>setFields.exe
/*---------------------------------------------------------------------------*\
| =========                 |                                                 |
| \\      /  F ield         | OpenFOAM: The Open Source CFD Toolbox           |
|  \\    /   O peration     | Version:  2.1                                   |
|   \\  /    A nd           | Web:      www.OpenFOAM.org                      |
|    \\/     M anipulation  |                                                 |
\*---------------------------------------------------------------------------*/
/*   Windows 32 and 64 bit porting by blueCAPE: http://www.bluecape.com.pt   *\
|  Based on Windows porting (2.0.x v4) by Symscape: http://www.symscape.com   |
\*---------------------------------------------------------------------------*/
Build  : 2.1-88b2f2ae3a0b
Exec   : setFields.exe
Date   : Nov 21 2013
Time   : 09:51:30
Host   : "AIRBEAR-W7-I5"
PID    : 3864
Case   : D:/Projects/Test/ToolOpenFoamExample4
nProcs : 1
SigFpe : Enabling floating point exception trapping (FOAM_SIGFPE).
fileModificationChecking : Monitoring run-time modified files using timeStampMaster
allowSystemOperations : Allowing user-supplied system call operations

// * * * * * * * * * * * * * * * * * * * * * * * * * * * * * * * * * * * * * //
Create time

Create mesh for time = 0

Reading setFieldsDict

Setting field default values
    Setting internal values of volScalarField p

Setting field region values
    Adding cells with center within box (0.45 0.45 0.45) (0.55 0.55 0.55)
    Setting internal values of volScalarField p

End


D:\Projects\Test\ToolOpenFoamExample4>potentialFoam.exe
/*---------------------------------------------------------------------------*\
| =========                 |                                                 |
| \\      /  F ield         | OpenFOAM: The Open Source CFD Toolbox           |
|  \\    /   O peration     | Version:  2.1                                   |
|   \\  /    A nd           | Web:      www.OpenFOAM.org                      |
|    \\/     M anipulation  |                                                 |
\*---------------------------------------------------------------------------*/
/*   Windows 32 and 64 bit porting by blueCAPE: http://www.bluecape.com.pt   *\
|  Based on Windows porting (2.0.x v4) by Symscape: http://www.symscape.com   |
\*---------------------------------------------------------------------------*/
Build  : 2.1-88b2f2ae3a0b
Exec   : potentialFoam.exe
Date   : Nov 21 2013
Time   : 09:51:31
Host   : "AIRBEAR-W7-I5"
PID    : 3980
Case   : D:/Projects/Test/ToolOpenFoamExample4
nProcs : 1
SigFpe : Enabling floating point exception trapping (FOAM_SIGFPE).
fileModificationChecking : Monitoring run-time modified files using timeStampMaster
allowSystemOperations : Allowing user-supplied system call operations

// * * * * * * * * * * * * * * * * * * * * * * * * * * * * * * * * * * * * * //
Create time

Create mesh for time = 0

Reading field p

Reading field U


D:\Projects\Test\ToolOpenFoamExample4>paraFoam
